[2022-05-22T20:05:21.939+0200][gc,heap] Heap region size: 1M
[2022-05-22T20:05:21.944+0200][gc     ] Using G1
[2022-05-22T20:05:21.945+0200][gc,heap,coops] Heap address: 0x00000000c0000000, size: 1024 MB, Compressed Oops mode: 32-bit
[2022-05-22T20:05:21.945+0200][gc,cds       ] Mark closed archive regions in map: [0x00000000fff00000, 0x00000000fff6aff8]
[2022-05-22T20:05:21.945+0200][gc,cds       ] Mark open archive regions in map: [0x00000000ffe00000, 0x00000000ffe46ff8]
[2022-05-22T20:05:23.115+0200][gc,start     ] GC(0) Pause Young (Normal) (G1 Evacuation Pause)
[2022-05-22T20:05:23.116+0200][gc,task      ] GC(0) Using 13 workers of 13 for evacuation
[2022-05-22T20:05:23.130+0200][gc,phases    ] GC(0)   Pre Evacuate Collection Set: 0.0ms
[2022-05-22T20:05:23.131+0200][gc,phases    ] GC(0)   Evacuate Collection Set: 13.0ms
[2022-05-22T20:05:23.131+0200][gc,phases    ] GC(0)   Post Evacuate Collection Set: 0.7ms
[2022-05-22T20:05:23.131+0200][gc,phases    ] GC(0)   Other: 1.9ms
[2022-05-22T20:05:23.131+0200][gc,heap      ] GC(0) Eden regions: 51->0(44)
[2022-05-22T20:05:23.131+0200][gc,heap      ] GC(0) Survivor regions: 0->7(7)
[2022-05-22T20:05:23.132+0200][gc,heap      ] GC(0) Old regions: 2->2
[2022-05-22T20:05:23.132+0200][gc,heap      ] GC(0) Humongous regions: 0->0
[2022-05-22T20:05:23.132+0200][gc,metaspace ] GC(0) Metaspace: 15118K->15118K(1062912K)
[2022-05-22T20:05:23.132+0200][gc           ] GC(0) Pause Young (Normal) (G1 Evacuation Pause) 51M->7M(1024M) 17.246ms
[2022-05-22T20:05:23.132+0200][gc,cpu       ] GC(0) User=0.07s Sys=0.11s Real=0.01s
[2022-05-22T20:05:23.572+0200][gc,start     ] GC(1) Pause Young (Concurrent Start) (Metadata GC Threshold)
[2022-05-22T20:05:23.572+0200][gc,task      ] GC(1) Using 13 workers of 13 for evacuation
[2022-05-22T20:05:23.584+0200][gc,phases    ] GC(1)   Pre Evacuate Collection Set: 0.1ms
[2022-05-22T20:05:23.584+0200][gc,phases    ] GC(1)   Evacuate Collection Set: 11.1ms
[2022-05-22T20:05:23.584+0200][gc,phases    ] GC(1)   Post Evacuate Collection Set: 0.7ms
[2022-05-22T20:05:23.585+0200][gc,phases    ] GC(1)   Other: 0.5ms
[2022-05-22T20:05:23.585+0200][gc,heap      ] GC(1) Eden regions: 23->0(50)
[2022-05-22T20:05:23.585+0200][gc,heap      ] GC(1) Survivor regions: 7->1(7)
[2022-05-22T20:05:23.585+0200][gc,heap      ] GC(1) Old regions: 2->9
[2022-05-22T20:05:23.585+0200][gc,heap      ] GC(1) Humongous regions: 0->0
[2022-05-22T20:05:23.585+0200][gc,metaspace ] GC(1) Metaspace: 20534K->20534K(1067008K)
[2022-05-22T20:05:23.586+0200][gc           ] GC(1) Pause Young (Concurrent Start) (Metadata GC Threshold) 29M->7M(1024M) 13.979ms
[2022-05-22T20:05:23.586+0200][gc,cpu       ] GC(1) User=0.07s Sys=0.01s Real=0.02s
[2022-05-22T20:05:23.586+0200][gc           ] GC(2) Concurrent Cycle
[2022-05-22T20:05:23.586+0200][gc,marking   ] GC(2) Concurrent Clear Claimed Marks
[2022-05-22T20:05:23.586+0200][gc,marking   ] GC(2) Concurrent Clear Claimed Marks 0.241ms
[2022-05-22T20:05:23.586+0200][gc,marking   ] GC(2) Concurrent Scan Root Regions
[2022-05-22T20:05:23.588+0200][gc,marking   ] GC(2) Concurrent Scan Root Regions 1.087ms
[2022-05-22T20:05:23.588+0200][gc,marking   ] GC(2) Concurrent Mark (1.658s)
[2022-05-22T20:05:23.588+0200][gc,marking   ] GC(2) Concurrent Mark From Roots
[2022-05-22T20:05:23.588+0200][gc,task      ] GC(2) Using 3 workers of 3 for marking
[2022-05-22T20:05:23.592+0200][gc,marking   ] GC(2) Concurrent Mark From Roots 4.301ms
[2022-05-22T20:05:23.592+0200][gc,marking   ] GC(2) Concurrent Preclean
[2022-05-22T20:05:23.593+0200][gc,marking   ] GC(2) Concurrent Preclean 0.288ms
[2022-05-22T20:05:23.593+0200][gc,marking   ] GC(2) Concurrent Mark (1.658s, 1.663s) 5.105ms
[2022-05-22T20:05:23.593+0200][gc,start     ] GC(2) Pause Remark
[2022-05-22T20:05:23.599+0200][gc,stringtable] GC(2) Cleaned string and symbol table, strings: 5053 processed, 0 removed, symbols: 49859 processed, 45 removed
[2022-05-22T20:05:23.599+0200][gc            ] GC(2) Pause Remark 8M->8M(1024M) 6.117ms
[2022-05-22T20:05:23.600+0200][gc,cpu        ] GC(2) User=0.05s Sys=0.00s Real=0.01s
[2022-05-22T20:05:23.600+0200][gc,marking    ] GC(2) Concurrent Rebuild Remembered Sets
[2022-05-22T20:05:23.602+0200][gc,marking    ] GC(2) Concurrent Rebuild Remembered Sets 2.287ms
[2022-05-22T20:05:23.603+0200][gc,start      ] GC(2) Pause Cleanup
[2022-05-22T20:05:23.603+0200][gc            ] GC(2) Pause Cleanup 8M->8M(1024M) 0.483ms
[2022-05-22T20:05:23.603+0200][gc,cpu        ] GC(2) User=0.00s Sys=0.00s Real=0.00s
[2022-05-22T20:05:23.604+0200][gc,marking    ] GC(2) Concurrent Cleanup for Next Mark
[2022-05-22T20:05:23.606+0200][gc,marking    ] GC(2) Concurrent Cleanup for Next Mark 2.127ms
[2022-05-22T20:05:23.606+0200][gc            ] GC(2) Concurrent Cycle 20.233ms
[2022-05-22T20:05:24.463+0200][gc,start      ] GC(3) Pause Young (Normal) (G1 Evacuation Pause)
[2022-05-22T20:05:24.464+0200][gc,task       ] GC(3) Using 13 workers of 13 for evacuation
[2022-05-22T20:05:24.468+0200][gc,phases     ] GC(3)   Pre Evacuate Collection Set: 0.0ms
[2022-05-22T20:05:24.468+0200][gc,phases     ] GC(3)   Evacuate Collection Set: 3.4ms
[2022-05-22T20:05:24.468+0200][gc,phases     ] GC(3)   Post Evacuate Collection Set: 0.5ms
[2022-05-22T20:05:24.468+0200][gc,phases     ] GC(3)   Other: 0.5ms
[2022-05-22T20:05:24.469+0200][gc,heap       ] GC(3) Eden regions: 50->0(46)
[2022-05-22T20:05:24.469+0200][gc,heap       ] GC(3) Survivor regions: 1->5(7)
[2022-05-22T20:05:24.469+0200][gc,heap       ] GC(3) Old regions: 9->9
[2022-05-22T20:05:24.469+0200][gc,heap       ] GC(3) Humongous regions: 129->129
[2022-05-22T20:05:24.469+0200][gc,metaspace  ] GC(3) Metaspace: 30126K->30126K(1077248K)
[2022-05-22T20:05:24.470+0200][gc            ] GC(3) Pause Young (Normal) (G1 Evacuation Pause) 186M->140M(1024M) 6.279ms
[2022-05-22T20:05:24.470+0200][gc,cpu        ] GC(3) User=0.03s Sys=0.00s Real=0.01s
[2022-05-22T20:05:24.705+0200][gc,start      ] GC(4) Pause Young (Concurrent Start) (GCLocker Initiated GC)
[2022-05-22T20:05:24.705+0200][gc,task       ] GC(4) Using 13 workers of 13 for evacuation
[2022-05-22T20:05:24.715+0200][gc,phases     ] GC(4)   Pre Evacuate Collection Set: 0.2ms
[2022-05-22T20:05:24.715+0200][gc,phases     ] GC(4)   Evacuate Collection Set: 8.4ms
[2022-05-22T20:05:24.715+0200][gc,phases     ] GC(4)   Post Evacuate Collection Set: 0.6ms
[2022-05-22T20:05:24.715+0200][gc,phases     ] GC(4)   Other: 0.7ms
[2022-05-22T20:05:24.716+0200][gc,heap       ] GC(4) Eden regions: 20->0(49)
[2022-05-22T20:05:24.716+0200][gc,heap       ] GC(4) Survivor regions: 5->2(7)
[2022-05-22T20:05:24.716+0200][gc,heap       ] GC(4) Old regions: 9->13
[2022-05-22T20:05:24.716+0200][gc,heap       ] GC(4) Humongous regions: 129->129
[2022-05-22T20:05:24.716+0200][gc,metaspace  ] GC(4) Metaspace: 34321K->34321K(1081344K)
[2022-05-22T20:05:24.716+0200][gc            ] GC(4) Pause Young (Concurrent Start) (GCLocker Initiated GC) 160M->141M(1024M) 11.334ms
[2022-05-22T20:05:24.717+0200][gc,cpu        ] GC(4) User=0.08s Sys=0.00s Real=0.01s
[2022-05-22T20:05:24.717+0200][gc            ] GC(5) Concurrent Cycle
[2022-05-22T20:05:24.717+0200][gc,marking    ] GC(5) Concurrent Clear Claimed Marks
[2022-05-22T20:05:24.718+0200][gc,marking    ] GC(5) Concurrent Clear Claimed Marks 0.986ms
[2022-05-22T20:05:24.718+0200][gc,marking    ] GC(5) Concurrent Scan Root Regions
[2022-05-22T20:05:24.720+0200][gc,marking    ] GC(5) Concurrent Scan Root Regions 1.435ms
[2022-05-22T20:05:24.720+0200][gc,marking    ] GC(5) Concurrent Mark (2.790s)
[2022-05-22T20:05:24.721+0200][gc,marking    ] GC(5) Concurrent Mark From Roots
[2022-05-22T20:05:24.721+0200][gc,task       ] GC(5) Using 3 workers of 3 for marking
[2022-05-22T20:05:24.730+0200][gc,marking    ] GC(5) Concurrent Mark From Roots 9.531ms
[2022-05-22T20:05:24.730+0200][gc,marking    ] GC(5) Concurrent Preclean
[2022-05-22T20:05:24.731+0200][gc,marking    ] GC(5) Concurrent Preclean 0.361ms
[2022-05-22T20:05:24.731+0200][gc,marking    ] GC(5) Concurrent Mark (2.790s, 2.801s) 11.151ms
[2022-05-22T20:05:24.732+0200][gc,start      ] GC(5) Pause Remark
[2022-05-22T20:05:24.736+0200][gc,stringtable] GC(5) Cleaned string and symbol table, strings: 10208 processed, 22 removed, symbols: 81315 processed, 17 removed
[2022-05-22T20:05:24.736+0200][gc            ] GC(5) Pause Remark 143M->143M(1024M) 4.178ms
[2022-05-22T20:05:24.736+0200][gc,cpu        ] GC(5) User=0.04s Sys=0.00s Real=0.01s
[2022-05-22T20:05:24.737+0200][gc,marking    ] GC(5) Concurrent Rebuild Remembered Sets
[2022-05-22T20:05:24.744+0200][gc,marking    ] GC(5) Concurrent Rebuild Remembered Sets 7.600ms
[2022-05-22T20:05:24.745+0200][gc,start      ] GC(5) Pause Cleanup
[2022-05-22T20:05:24.746+0200][gc            ] GC(5) Pause Cleanup 144M->144M(1024M) 0.551ms
[2022-05-22T20:05:24.746+0200][gc,cpu        ] GC(5) User=0.00s Sys=0.00s Real=0.00s
[2022-05-22T20:05:24.746+0200][gc,marking    ] GC(5) Concurrent Cleanup for Next Mark
[2022-05-22T20:05:24.753+0200][gc,marking    ] GC(5) Concurrent Cleanup for Next Mark 6.805ms
[2022-05-22T20:05:24.754+0200][gc            ] GC(5) Concurrent Cycle 36.965ms
[2022-05-22T21:55:53.649+0200][gc,start      ] GC(6) Pause Young (Normal) (G1 Evacuation Pause)
[2022-05-22T21:55:53.650+0200][gc,task       ] GC(6) Using 13 workers of 13 for evacuation
[2022-05-22T21:55:53.696+0200][gc,mmu        ] GC(6) MMU target violated: 21.0ms (20.0ms/21.0ms)
[2022-05-22T21:55:53.697+0200][gc,phases     ] GC(6)   Pre Evacuate Collection Set: 0.3ms
[2022-05-22T21:55:53.697+0200][gc,phases     ] GC(6)   Evacuate Collection Set: 44.2ms
[2022-05-22T21:55:53.697+0200][gc,phases     ] GC(6)   Post Evacuate Collection Set: 0.9ms
[2022-05-22T21:55:53.697+0200][gc,phases     ] GC(6)   Other: 2.5ms
[2022-05-22T21:55:53.698+0200][gc,heap       ] GC(6) Eden regions: 49->0(49)
[2022-05-22T21:55:53.698+0200][gc,heap       ] GC(6) Survivor regions: 2->2(7)
[2022-05-22T21:55:53.698+0200][gc,heap       ] GC(6) Old regions: 13->13
[2022-05-22T21:55:53.698+0200][gc,heap       ] GC(6) Humongous regions: 129->129
[2022-05-22T21:55:53.698+0200][gc,metaspace  ] GC(6) Metaspace: 36157K->36157K(1081344K)
[2022-05-22T21:55:53.699+0200][gc            ] GC(6) Pause Young (Normal) (G1 Evacuation Pause) 190M->142M(1024M) 49.740ms
[2022-05-22T21:55:53.699+0200][gc,cpu        ] GC(6) User=0.57s Sys=0.00s Real=0.05s
[2022-05-22T23:08:37.906+0200][gc,heap,exit  ] Heap
[2022-05-22T23:08:37.907+0200][gc,heap,exit  ]  garbage-first heap   total 1048576K, used 181388K [0x00000000c0000000, 0x0000000100000000)
[2022-05-22T23:08:37.907+0200][gc,heap,exit  ]   region size 1024K, 39 young (39936K), 2 survivors (2048K)
[2022-05-22T23:08:37.908+0200][gc,heap,exit  ]  Metaspace       used 37088K, capacity 38831K, committed 38912K, reserved 1083392K
[2022-05-22T23:08:37.908+0200][gc,heap,exit  ]   class space    used 4509K, capacity 5308K, committed 5376K, reserved 1048576K
