[2022-05-22T20:04:04.194+0200][gc,heap] Heap region size: 1M
[2022-05-22T20:04:04.199+0200][gc     ] Using G1
[2022-05-22T20:04:04.199+0200][gc,heap,coops] Heap address: 0x00000000c0000000, size: 1024 MB, Compressed Oops mode: 32-bit
[2022-05-22T20:04:04.200+0200][gc,cds       ] Mark closed archive regions in map: [0x00000000fff00000, 0x00000000fff6aff8]
[2022-05-22T20:04:04.200+0200][gc,cds       ] Mark open archive regions in map: [0x00000000ffe00000, 0x00000000ffe46ff8]
[2022-05-22T20:04:05.382+0200][gc,start     ] GC(0) Pause Young (Normal) (G1 Evacuation Pause)
[2022-05-22T20:04:05.384+0200][gc,task      ] GC(0) Using 13 workers of 13 for evacuation
[2022-05-22T20:04:05.392+0200][gc,phases    ] GC(0)   Pre Evacuate Collection Set: 0.0ms
[2022-05-22T20:04:05.393+0200][gc,phases    ] GC(0)   Evacuate Collection Set: 7.4ms
[2022-05-22T20:04:05.393+0200][gc,phases    ] GC(0)   Post Evacuate Collection Set: 0.8ms
[2022-05-22T20:04:05.393+0200][gc,phases    ] GC(0)   Other: 2.0ms
[2022-05-22T20:04:05.393+0200][gc,heap      ] GC(0) Eden regions: 51->0(44)
[2022-05-22T20:04:05.393+0200][gc,heap      ] GC(0) Survivor regions: 0->7(7)
[2022-05-22T20:04:05.393+0200][gc,heap      ] GC(0) Old regions: 2->2
[2022-05-22T20:04:05.394+0200][gc,heap      ] GC(0) Humongous regions: 0->0
[2022-05-22T20:04:05.394+0200][gc,metaspace ] GC(0) Metaspace: 15113K->15113K(1062912K)
[2022-05-22T20:04:05.394+0200][gc           ] GC(0) Pause Young (Normal) (G1 Evacuation Pause) 51M->7M(1024M) 11.835ms
[2022-05-22T20:04:05.394+0200][gc,cpu       ] GC(0) User=0.09s Sys=0.00s Real=0.01s
[2022-05-22T20:04:05.814+0200][gc,start     ] GC(1) Pause Young (Concurrent Start) (Metadata GC Threshold)
[2022-05-22T20:04:05.814+0200][gc,task      ] GC(1) Using 13 workers of 13 for evacuation
[2022-05-22T20:04:05.824+0200][gc,phases    ] GC(1)   Pre Evacuate Collection Set: 0.1ms
[2022-05-22T20:04:05.825+0200][gc,phases    ] GC(1)   Evacuate Collection Set: 8.9ms
[2022-05-22T20:04:05.825+0200][gc,phases    ] GC(1)   Post Evacuate Collection Set: 0.6ms
[2022-05-22T20:04:05.825+0200][gc,phases    ] GC(1)   Other: 0.5ms
[2022-05-22T20:04:05.825+0200][gc,heap      ] GC(1) Eden regions: 22->0(50)
[2022-05-22T20:04:05.825+0200][gc,heap      ] GC(1) Survivor regions: 7->1(7)
[2022-05-22T20:04:05.825+0200][gc,heap      ] GC(1) Old regions: 2->9
[2022-05-22T20:04:05.825+0200][gc,heap      ] GC(1) Humongous regions: 0->0
[2022-05-22T20:04:05.826+0200][gc,metaspace ] GC(1) Metaspace: 20432K->20432K(1067008K)
[2022-05-22T20:04:05.826+0200][gc           ] GC(1) Pause Young (Concurrent Start) (Metadata GC Threshold) 28M->8M(1024M) 11.605ms
[2022-05-22T20:04:05.826+0200][gc,cpu       ] GC(1) User=0.06s Sys=0.01s Real=0.02s
[2022-05-22T20:04:05.826+0200][gc           ] GC(2) Concurrent Cycle
[2022-05-22T20:04:05.826+0200][gc,marking   ] GC(2) Concurrent Clear Claimed Marks
[2022-05-22T20:04:05.826+0200][gc,marking   ] GC(2) Concurrent Clear Claimed Marks 0.167ms
[2022-05-22T20:04:05.827+0200][gc,marking   ] GC(2) Concurrent Scan Root Regions
[2022-05-22T20:04:05.828+0200][gc,marking   ] GC(2) Concurrent Scan Root Regions 1.131ms
[2022-05-22T20:04:05.828+0200][gc,marking   ] GC(2) Concurrent Mark (1.638s)
[2022-05-22T20:04:05.828+0200][gc,marking   ] GC(2) Concurrent Mark From Roots
[2022-05-22T20:04:05.828+0200][gc,task      ] GC(2) Using 3 workers of 3 for marking
[2022-05-22T20:04:05.832+0200][gc,marking   ] GC(2) Concurrent Mark From Roots 3.736ms
[2022-05-22T20:04:05.832+0200][gc,marking   ] GC(2) Concurrent Preclean
[2022-05-22T20:04:05.832+0200][gc,marking   ] GC(2) Concurrent Preclean 0.201ms
[2022-05-22T20:04:05.832+0200][gc,marking   ] GC(2) Concurrent Mark (1.638s, 1.643s) 4.474ms
[2022-05-22T20:04:05.833+0200][gc,start     ] GC(2) Pause Remark
[2022-05-22T20:04:05.836+0200][gc,stringtable] GC(2) Cleaned string and symbol table, strings: 5026 processed, 0 removed, symbols: 49702 processed, 44 removed
[2022-05-22T20:04:05.837+0200][gc            ] GC(2) Pause Remark 8M->8M(1024M) 3.745ms
[2022-05-22T20:04:05.837+0200][gc,cpu        ] GC(2) User=0.03s Sys=0.01s Real=0.01s
[2022-05-22T20:04:05.837+0200][gc,marking    ] GC(2) Concurrent Rebuild Remembered Sets
[2022-05-22T20:04:05.840+0200][gc,marking    ] GC(2) Concurrent Rebuild Remembered Sets 2.875ms
[2022-05-22T20:04:05.840+0200][gc,start      ] GC(2) Pause Cleanup
[2022-05-22T20:04:05.841+0200][gc            ] GC(2) Pause Cleanup 8M->8M(1024M) 0.470ms
[2022-05-22T20:04:05.841+0200][gc,cpu        ] GC(2) User=0.00s Sys=0.00s Real=0.00s
[2022-05-22T20:04:05.841+0200][gc,marking    ] GC(2) Concurrent Cleanup for Next Mark
[2022-05-22T20:04:05.845+0200][gc,marking    ] GC(2) Concurrent Cleanup for Next Mark 3.470ms
[2022-05-22T20:04:05.845+0200][gc            ] GC(2) Concurrent Cycle 18.910ms
[2022-05-22T20:04:06.926+0200][gc,heap,exit  ] Heap
[2022-05-22T20:04:06.927+0200][gc,heap,exit  ]  garbage-first heap   total 1048576K, used 182276K [0x00000000c0000000, 0x0000000100000000)
[2022-05-22T20:04:06.927+0200][gc,heap,exit  ]   region size 1024K, 43 young (44032K), 1 survivors (1024K)
[2022-05-22T20:04:06.927+0200][gc,heap,exit  ]  Metaspace       used 27625K, capacity 28654K, committed 28800K, reserved 1075200K
[2022-05-22T20:04:06.927+0200][gc,heap,exit  ]   class space    used 3278K, capacity 3710K, committed 3712K, reserved 1048576K
